Archive member included to satisfy reference by file (symbol)

.pio\build\bluepill_f103c8\lib592\libgpio.a(gpio.o)
                              .pio\build\bluepill_f103c8\src\principal.o (Pin_configuraEntrada)
.pio\build\bluepill_f103c8\lib086\libpaso_a_paso.a(paso_a_paso.o)
                              .pio\build\bluepill_f103c8\src\principal.o (PAP_inicializa)
.pio\build\bluepill_f103c8\lib851\libserie.a(serie.o)
                              .pio\build\bluepill_f103c8\src\principal.o (Serie_init)
.pio\build\bluepill_f103c8\lib0c4\libtempo_hw.a(tempo_hw.o)
                              .pio\build\bluepill_f103c8\src\principal.o (TempoHW_configModoEncoder)
.pio\build\bluepill_f103c8\lib391\libtempo_ms.a(tempo_ms.o)
                              .pio\build\bluepill_f103c8\src\principal.o (Tempo_inicializa)
c:/users/usuario/.platformio/packages/toolchain-gccarmnoneeabi/bin/../lib/gcc/arm-none-eabi/7.2.1/../../../../arm-none-eabi/lib/thumb/v7-m\libc_nano.a(lib_a-exit.o)
                              c:/users/usuario/.platformio/packages/toolchain-gccarmnoneeabi/bin/../lib/gcc/arm-none-eabi/7.2.1/../../../../arm-none-eabi/lib/thumb/v7-m/crt0.o (exit)
c:/users/usuario/.platformio/packages/toolchain-gccarmnoneeabi/bin/../lib/gcc/arm-none-eabi/7.2.1/../../../../arm-none-eabi/lib/thumb/v7-m\libc_nano.a(lib_a-impure.o)
                              c:/users/usuario/.platformio/packages/toolchain-gccarmnoneeabi/bin/../lib/gcc/arm-none-eabi/7.2.1/../../../../arm-none-eabi/lib/thumb/v7-m\libc_nano.a(lib_a-exit.o) (_global_impure_ptr)
c:/users/usuario/.platformio/packages/toolchain-gccarmnoneeabi/bin/../lib/gcc/arm-none-eabi/7.2.1/../../../../arm-none-eabi/lib/thumb/v7-m\libc_nano.a(lib_a-init.o)
                              c:/users/usuario/.platformio/packages/toolchain-gccarmnoneeabi/bin/../lib/gcc/arm-none-eabi/7.2.1/../../../../arm-none-eabi/lib/thumb/v7-m/crt0.o (__libc_init_array)
c:/users/usuario/.platformio/packages/toolchain-gccarmnoneeabi/bin/../lib/gcc/arm-none-eabi/7.2.1/../../../../arm-none-eabi/lib/thumb/v7-m\libc_nano.a(lib_a-locale.o)
                              .pio\build\bluepill_f103c8\lib851\libserie.a(serie.o) (__locale_ctype_ptr)
c:/users/usuario/.platformio/packages/toolchain-gccarmnoneeabi/bin/../lib/gcc/arm-none-eabi/7.2.1/../../../../arm-none-eabi/lib/thumb/v7-m\libc_nano.a(lib_a-mbtowc_r.o)
                              c:/users/usuario/.platformio/packages/toolchain-gccarmnoneeabi/bin/../lib/gcc/arm-none-eabi/7.2.1/../../../../arm-none-eabi/lib/thumb/v7-m\libc_nano.a(lib_a-locale.o) (__ascii_mbtowc)
c:/users/usuario/.platformio/packages/toolchain-gccarmnoneeabi/bin/../lib/gcc/arm-none-eabi/7.2.1/../../../../arm-none-eabi/lib/thumb/v7-m\libc_nano.a(lib_a-memset.o)
                              c:/users/usuario/.platformio/packages/toolchain-gccarmnoneeabi/bin/../lib/gcc/arm-none-eabi/7.2.1/../../../../arm-none-eabi/lib/thumb/v7-m/crt0.o (memset)
c:/users/usuario/.platformio/packages/toolchain-gccarmnoneeabi/bin/../lib/gcc/arm-none-eabi/7.2.1/../../../../arm-none-eabi/lib/thumb/v7-m\libc_nano.a(lib_a-strcmp.o)
                              c:/users/usuario/.platformio/packages/toolchain-gccarmnoneeabi/bin/../lib/gcc/arm-none-eabi/7.2.1/../../../../arm-none-eabi/lib/thumb/v7-m\libc_nano.a(lib_a-locale.o) (strcmp)
c:/users/usuario/.platformio/packages/toolchain-gccarmnoneeabi/bin/../lib/gcc/arm-none-eabi/7.2.1/../../../../arm-none-eabi/lib/thumb/v7-m\libc_nano.a(lib_a-wctomb_r.o)
                              c:/users/usuario/.platformio/packages/toolchain-gccarmnoneeabi/bin/../lib/gcc/arm-none-eabi/7.2.1/../../../../arm-none-eabi/lib/thumb/v7-m\libc_nano.a(lib_a-locale.o) (__ascii_wctomb)
c:/users/usuario/.platformio/packages/toolchain-gccarmnoneeabi/bin/../lib/gcc/arm-none-eabi/7.2.1/../../../../arm-none-eabi/lib/thumb/v7-m\libc_nano.a(lib_a-ctype_.o)
                              c:/users/usuario/.platformio/packages/toolchain-gccarmnoneeabi/bin/../lib/gcc/arm-none-eabi/7.2.1/../../../../arm-none-eabi/lib/thumb/v7-m\libc_nano.a(lib_a-locale.o) (_ctype_)
c:/users/usuario/.platformio/packages/toolchain-gccarmnoneeabi/bin/../lib/gcc/arm-none-eabi/7.2.1/../../../../arm-none-eabi/lib/thumb/v7-m\libnosys.a(_exit.o)
                              c:/users/usuario/.platformio/packages/toolchain-gccarmnoneeabi/bin/../lib/gcc/arm-none-eabi/7.2.1/../../../../arm-none-eabi/lib/thumb/v7-m\libc_nano.a(lib_a-exit.o) (_exit)

Discarded input sections

 .text          0x00000000        0x0 c:/users/usuario/.platformio/packages/toolchain-gccarmnoneeabi/bin/../lib/gcc/arm-none-eabi/7.2.1/thumb/v7-m/crti.o
 .data          0x00000000        0x0 c:/users/usuario/.platformio/packages/toolchain-gccarmnoneeabi/bin/../lib/gcc/arm-none-eabi/7.2.1/thumb/v7-m/crti.o
 .bss           0x00000000        0x0 c:/users/usuario/.platformio/packages/toolchain-gccarmnoneeabi/bin/../lib/gcc/arm-none-eabi/7.2.1/thumb/v7-m/crti.o
 .data          0x00000000        0x4 c:/users/usuario/.platformio/packages/toolchain-gccarmnoneeabi/bin/../lib/gcc/arm-none-eabi/7.2.1/thumb/v7-m/crtbegin.o
 .text          0x00000000       0x74 c:/users/usuario/.platformio/packages/toolchain-gccarmnoneeabi/bin/../lib/gcc/arm-none-eabi/7.2.1/../../../../arm-none-eabi/lib/thumb/v7-m/crt0.o
 .data          0x00000000        0x0 c:/users/usuario/.platformio/packages/toolchain-gccarmnoneeabi/bin/../lib/gcc/arm-none-eabi/7.2.1/../../../../arm-none-eabi/lib/thumb/v7-m/crt0.o
 .bss           0x00000000        0x0 c:/users/usuario/.platformio/packages/toolchain-gccarmnoneeabi/bin/../lib/gcc/arm-none-eabi/7.2.1/../../../../arm-none-eabi/lib/thumb/v7-m/crt0.o
 .ARM.extab     0x00000000        0x0 c:/users/usuario/.platformio/packages/toolchain-gccarmnoneeabi/bin/../lib/gcc/arm-none-eabi/7.2.1/../../../../arm-none-eabi/lib/thumb/v7-m/crt0.o
 .ARM.exidx     0x00000000        0x8 c:/users/usuario/.platformio/packages/toolchain-gccarmnoneeabi/bin/../lib/gcc/arm-none-eabi/7.2.1/../../../../arm-none-eabi/lib/thumb/v7-m/crt0.o
 .ARM.attributes
                0x00000000       0x1b c:/users/usuario/.platformio/packages/toolchain-gccarmnoneeabi/bin/../lib/gcc/arm-none-eabi/7.2.1/../../../../arm-none-eabi/lib/thumb/v7-m/crt0.o
 .text          0x00000000       0x14 .pio\build\bluepill_f103c8\FrameworkCMSIS\gcc\startup_stm32f103xb.o
 .data          0x00000000        0x0 .pio\build\bluepill_f103c8\FrameworkCMSIS\gcc\startup_stm32f103xb.o
 .bss           0x00000000        0x0 .pio\build\bluepill_f103c8\FrameworkCMSIS\gcc\startup_stm32f103xb.o
 .text          0x00000000        0x0 .pio\build\bluepill_f103c8\FrameworkCMSIS\system_stm32f1xx.o
 .data          0x00000000        0x0 .pio\build\bluepill_f103c8\FrameworkCMSIS\system_stm32f1xx.o
 .bss           0x00000000        0x0 .pio\build\bluepill_f103c8\FrameworkCMSIS\system_stm32f1xx.o
 .rodata.APBPrescTable
                0x00000000        0x8 .pio\build\bluepill_f103c8\FrameworkCMSIS\system_stm32f1xx.o
 .text          0x00000000        0x0 .pio\build\bluepill_f103c8\src\principal.o
 .data          0x00000000        0x0 .pio\build\bluepill_f103c8\src\principal.o
 .bss           0x00000000        0x0 .pio\build\bluepill_f103c8\src\principal.o
 .text          0x00000000        0x0 .pio\build\bluepill_f103c8\lib592\libgpio.a(gpio.o)
 .data          0x00000000        0x0 .pio\build\bluepill_f103c8\lib592\libgpio.a(gpio.o)
 .bss           0x00000000        0x0 .pio\build\bluepill_f103c8\lib592\libgpio.a(gpio.o)
 .text.Pin_lee  0x00000000       0x44 .pio\build\bluepill_f103c8\lib592\libgpio.a(gpio.o)
 .text.Pin_obtEstado
                0x00000000       0x44 .pio\build\bluepill_f103c8\lib592\libgpio.a(gpio.o)
 .text.Pin_ponAlto
                0x00000000       0x38 .pio\build\bluepill_f103c8\lib592\libgpio.a(gpio.o)
 .text.Pin_ponBajo
                0x00000000       0x38 .pio\build\bluepill_f103c8\lib592\libgpio.a(gpio.o)
 .text.Pin_escribe
                0x00000000       0x40 .pio\build\bluepill_f103c8\lib592\libgpio.a(gpio.o)
 .text.Bus_ponModoEntrada
                0x00000000       0xc0 .pio\build\bluepill_f103c8\lib592\libgpio.a(gpio.o)
 .text.Bus_lee  0x00000000       0x7c .pio\build\bluepill_f103c8\lib592\libgpio.a(gpio.o)
 .text          0x00000000        0x0 .pio\build\bluepill_f103c8\lib086\libpaso_a_paso.a(paso_a_paso.o)
 .data          0x00000000        0x0 .pio\build\bluepill_f103c8\lib086\libpaso_a_paso.a(paso_a_paso.o)
 .bss           0x00000000        0x0 .pio\build\bluepill_f103c8\lib086\libpaso_a_paso.a(paso_a_paso.o)
 .text          0x00000000        0x0 .pio\build\bluepill_f103c8\lib851\libserie.a(serie.o)
 .data          0x00000000        0x0 .pio\build\bluepill_f103c8\lib851\libserie.a(serie.o)
 .bss           0x00000000        0x0 .pio\build\bluepill_f103c8\lib851\libserie.a(serie.o)
 .text.Serie_enviaArreglo_int32
                0x00000000       0x22 .pio\build\bluepill_f103c8\lib851\libserie.a(serie.o)
 .text.Serie_recibeCaracter
                0x00000000       0x10 .pio\build\bluepill_f103c8\lib851\libserie.a(serie.o)
 .text.Serie_recibePalabra
                0x00000000       0x40 .pio\build\bluepill_f103c8\lib851\libserie.a(serie.o)
 .text.Serie_flush
                0x00000000       0x10 .pio\build\bluepill_f103c8\lib851\libserie.a(serie.o)
 .text.Serie_deinit
                0x00000000       0x24 .pio\build\bluepill_f103c8\lib851\libserie.a(serie.o)
 .text          0x00000000        0x0 .pio\build\bluepill_f103c8\lib0c4\libtempo_hw.a(tempo_hw.o)
 .data          0x00000000        0x0 .pio\build\bluepill_f103c8\lib0c4\libtempo_hw.a(tempo_hw.o)
 .bss           0x00000000        0x0 .pio\build\bluepill_f103c8\lib0c4\libtempo_hw.a(tempo_hw.o)
 .text.configuraCanal
                0x00000000       0x3a .pio\build\bluepill_f103c8\lib0c4\libtempo_hw.a(tempo_hw.o)
 .text.configuraCuenta
                0x00000000       0x4c .pio\build\bluepill_f103c8\lib0c4\libtempo_hw.a(tempo_hw.o)
 .text.configuraAccionCanal.part.1
                0x00000000       0x8c .pio\build\bluepill_f103c8\lib0c4\libtempo_hw.a(tempo_hw.o)
 .text.TempoHW_configReloj
                0x00000000       0x4c .pio\build\bluepill_f103c8\lib0c4\libtempo_hw.a(tempo_hw.o)
 .text.TempoHW_apagaContador
                0x00000000       0x30 .pio\build\bluepill_f103c8\lib0c4\libtempo_hw.a(tempo_hw.o)
 .text.TempoHW_configPwm
                0x00000000       0xb4 .pio\build\bluepill_f103c8\lib0c4\libtempo_hw.a(tempo_hw.o)
 .text.TempoHW_ponUmbralComparacion
                0x00000000       0x2c .pio\build\bluepill_f103c8\lib0c4\libtempo_hw.a(tempo_hw.o)
 .text.TempoHW_configCaptura
                0x00000000      0x154 .pio\build\bluepill_f103c8\lib0c4\libtempo_hw.a(tempo_hw.o)
 .text.TempoHW_configuraCuenta
                0x00000000       0x34 .pio\build\bluepill_f103c8\lib0c4\libtempo_hw.a(tempo_hw.o)
 .rodata.config.5281
                0x00000000       0x14 .pio\build\bluepill_f103c8\lib0c4\libtempo_hw.a(tempo_hw.o)
 .text          0x00000000        0x0 .pio\build\bluepill_f103c8\lib391\libtempo_ms.a(tempo_ms.o)
 .data          0x00000000        0x0 .pio\build\bluepill_f103c8\lib391\libtempo_ms.a(tempo_ms.o)
 .bss           0x00000000        0x0 .pio\build\bluepill_f103c8\lib391\libtempo_ms.a(tempo_ms.o)
 .text.Tempo_esperaMilisegundos
                0x00000000       0x14 .pio\build\bluepill_f103c8\lib391\libtempo_ms.a(tempo_ms.o)
 .text.Tempo_eliminaAccionMilisegundo
                0x00000000        0xc .pio\build\bluepill_f103c8\lib391\libtempo_ms.a(tempo_ms.o)
 .text          0x00000000        0x0 c:/users/usuario/.platformio/packages/toolchain-gccarmnoneeabi/bin/../lib/gcc/arm-none-eabi/7.2.1/../../../../arm-none-eabi/lib/thumb/v7-m\libc_nano.a(lib_a-exit.o)
 .data          0x00000000        0x0 c:/users/usuario/.platformio/packages/toolchain-gccarmnoneeabi/bin/../lib/gcc/arm-none-eabi/7.2.1/../../../../arm-none-eabi/lib/thumb/v7-m\libc_nano.a(lib_a-exit.o)
 .bss           0x00000000        0x0 c:/users/usuario/.platformio/packages/toolchain-gccarmnoneeabi/bin/../lib/gcc/arm-none-eabi/7.2.1/../../../../arm-none-eabi/lib/thumb/v7-m\libc_nano.a(lib_a-exit.o)
 .text.exit     0x00000000       0x28 c:/users/usuario/.platformio/packages/toolchain-gccarmnoneeabi/bin/../lib/gcc/arm-none-eabi/7.2.1/../../../../arm-none-eabi/lib/thumb/v7-m\libc_nano.a(lib_a-exit.o)
 .debug_frame   0x00000000       0x28 c:/users/usuario/.platformio/packages/toolchain-gccarmnoneeabi/bin/../lib/gcc/arm-none-eabi/7.2.1/../../../../arm-none-eabi/lib/thumb/v7-m\libc_nano.a(lib_a-exit.o)
 .ARM.attributes
                0x00000000       0x2d c:/users/usuario/.platformio/packages/toolchain-gccarmnoneeabi/bin/../lib/gcc/arm-none-eabi/7.2.1/../../../../arm-none-eabi/lib/thumb/v7-m\libc_nano.a(lib_a-exit.o)
 .text          0x00000000        0x0 c:/users/usuario/.platformio/packages/toolchain-gccarmnoneeabi/bin/../lib/gcc/arm-none-eabi/7.2.1/../../../../arm-none-eabi/lib/thumb/v7-m\libc_nano.a(lib_a-impure.o)
 .data          0x00000000        0x0 c:/users/usuario/.platformio/packages/toolchain-gccarmnoneeabi/bin/../lib/gcc/arm-none-eabi/7.2.1/../../../../arm-none-eabi/lib/thumb/v7-m\libc_nano.a(lib_a-impure.o)
 .bss           0x00000000        0x0 c:/users/usuario/.platformio/packages/toolchain-gccarmnoneeabi/bin/../lib/gcc/arm-none-eabi/7.2.1/../../../../arm-none-eabi/lib/thumb/v7-m\libc_nano.a(lib_a-impure.o)
 .data._impure_ptr
                0x00000000        0x4 c:/users/usuario/.platformio/packages/toolchain-gccarmnoneeabi/bin/../lib/gcc/arm-none-eabi/7.2.1/../../../../arm-none-eabi/lib/thumb/v7-m\libc_nano.a(lib_a-impure.o)
 .data.impure_data
                0x00000000       0x60 c:/users/usuario/.platformio/packages/toolchain-gccarmnoneeabi/bin/../lib/gcc/arm-none-eabi/7.2.1/../../../../arm-none-eabi/lib/thumb/v7-m\libc_nano.a(lib_a-impure.o)
 .rodata._global_impure_ptr
                0x00000000        0x4 c:/users/usuario/.platformio/packages/toolchain-gccarmnoneeabi/bin/../lib/gcc/arm-none-eabi/7.2.1/../../../../arm-none-eabi/lib/thumb/v7-m\libc_nano.a(lib_a-impure.o)
 .ARM.attributes
                0x00000000       0x2d c:/users/usuario/.platformio/packages/toolchain-gccarmnoneeabi/bin/../lib/gcc/arm-none-eabi/7.2.1/../../../../arm-none-eabi/lib/thumb/v7-m\libc_nano.a(lib_a-impure.o)
 .text          0x00000000        0x0 c:/users/usuario/.platformio/packages/toolchain-gccarmnoneeabi/bin/../lib/gcc/arm-none-eabi/7.2.1/../../../../arm-none-eabi/lib/thumb/v7-m\libc_nano.a(lib_a-init.o)
 .data          0x00000000        0x0 c:/users/usuario/.platformio/packages/toolchain-gccarmnoneeabi/bin/../lib/gcc/arm-none-eabi/7.2.1/../../../../arm-none-eabi/lib/thumb/v7-m\libc_nano.a(lib_a-init.o)
 .bss           0x00000000        0x0 c:/users/usuario/.platformio/packages/toolchain-gccarmnoneeabi/bin/../lib/gcc/arm-none-eabi/7.2.1/../../../../arm-none-eabi/lib/thumb/v7-m\libc_nano.a(lib_a-init.o)
 .text          0x00000000        0x0 c:/users/usuario/.platformio/packages/toolchain-gccarmnoneeabi/bin/../lib/gcc/arm-none-eabi/7.2.1/../../../../arm-none-eabi/lib/thumb/v7-m\libc_nano.a(lib_a-locale.o)
 .data          0x00000000        0x0 c:/users/usuario/.platformio/packages/toolchain-gccarmnoneeabi/bin/../lib/gcc/arm-none-eabi/7.2.1/../../../../arm-none-eabi/lib/thumb/v7-m\libc_nano.a(lib_a-locale.o)
 .bss           0x00000000        0x0 c:/users/usuario/.platformio/packages/toolchain-gccarmnoneeabi/bin/../lib/gcc/arm-none-eabi/7.2.1/../../../../arm-none-eabi/lib/thumb/v7-m\libc_nano.a(lib_a-locale.o)
 .text._setlocale_r
                0x00000000       0x38 c:/users/usuario/.platformio/packages/toolchain-gccarmnoneeabi/bin/../lib/gcc/arm-none-eabi/7.2.1/../../../../arm-none-eabi/lib/thumb/v7-m\libc_nano.a(lib_a-locale.o)
 .text.__locale_mb_cur_max
                0x00000000       0x1c c:/users/usuario/.platformio/packages/toolchain-gccarmnoneeabi/bin/../lib/gcc/arm-none-eabi/7.2.1/../../../../arm-none-eabi/lib/thumb/v7-m\libc_nano.a(lib_a-locale.o)
 .text.__locale_ctype_ptr_l
                0x00000000        0x6 c:/users/usuario/.platformio/packages/toolchain-gccarmnoneeabi/bin/../lib/gcc/arm-none-eabi/7.2.1/../../../../arm-none-eabi/lib/thumb/v7-m\libc_nano.a(lib_a-locale.o)
 .text.__locale_ctype_ptr
                0x00000000       0x1c c:/users/usuario/.platformio/packages/toolchain-gccarmnoneeabi/bin/../lib/gcc/arm-none-eabi/7.2.1/../../../../arm-none-eabi/lib/thumb/v7-m\libc_nano.a(lib_a-locale.o)
 .text.setlocale
                0x00000000       0x10 c:/users/usuario/.platformio/packages/toolchain-gccarmnoneeabi/bin/../lib/gcc/arm-none-eabi/7.2.1/../../../../arm-none-eabi/lib/thumb/v7-m\libc_nano.a(lib_a-locale.o)
 .bss._PathLocale
                0x00000000        0x4 c:/users/usuario/.platformio/packages/toolchain-gccarmnoneeabi/bin/../lib/gcc/arm-none-eabi/7.2.1/../../../../arm-none-eabi/lib/thumb/v7-m\libc_nano.a(lib_a-locale.o)
 .data.__global_locale
                0x00000000      0x16c c:/users/usuario/.platformio/packages/toolchain-gccarmnoneeabi/bin/../lib/gcc/arm-none-eabi/7.2.1/../../../../arm-none-eabi/lib/thumb/v7-m\libc_nano.a(lib_a-locale.o)
 .rodata._setlocale_r.str1.1
                0x00000000        0x9 c:/users/usuario/.platformio/packages/toolchain-gccarmnoneeabi/bin/../lib/gcc/arm-none-eabi/7.2.1/../../../../arm-none-eabi/lib/thumb/v7-m\libc_nano.a(lib_a-locale.o)
 .rodata.str1.1
                0x00000000        0x2 c:/users/usuario/.platformio/packages/toolchain-gccarmnoneeabi/bin/../lib/gcc/arm-none-eabi/7.2.1/../../../../arm-none-eabi/lib/thumb/v7-m\libc_nano.a(lib_a-locale.o)
 .debug_frame   0x00000000       0x68 c:/users/usuario/.platformio/packages/toolchain-gccarmnoneeabi/bin/../lib/gcc/arm-none-eabi/7.2.1/../../../../arm-none-eabi/lib/thumb/v7-m\libc_nano.a(lib_a-locale.o)
 .ARM.attributes
                0x00000000       0x2d c:/users/usuario/.platformio/packages/toolchain-gccarmnoneeabi/bin/../lib/gcc/arm-none-eabi/7.2.1/../../../../arm-none-eabi/lib/thumb/v7-m\libc_nano.a(lib_a-locale.o)
 .text          0x00000000        0x0 c:/users/usuario/.platformio/packages/toolchain-gccarmnoneeabi/bin/../lib/gcc/arm-none-eabi/7.2.1/../../../../arm-none-eabi/lib/thumb/v7-m\libc_nano.a(lib_a-mbtowc_r.o)
 .data          0x00000000        0x0 c:/users/usuario/.platformio/packages/toolchain-gccarmnoneeabi/bin/../lib/gcc/arm-none-eabi/7.2.1/../../../../arm-none-eabi/lib/thumb/v7-m\libc_nano.a(lib_a-mbtowc_r.o)
 .bss           0x00000000        0x0 c:/users/usuario/.platformio/packages/toolchain-gccarmnoneeabi/bin/../lib/gcc/arm-none-eabi/7.2.1/../../../../arm-none-eabi/lib/thumb/v7-m\libc_nano.a(lib_a-mbtowc_r.o)
 .text._mbtowc_r
                0x00000000       0x24 c:/users/usuario/.platformio/packages/toolchain-gccarmnoneeabi/bin/../lib/gcc/arm-none-eabi/7.2.1/../../../../arm-none-eabi/lib/thumb/v7-m\libc_nano.a(lib_a-mbtowc_r.o)
 .text.__ascii_mbtowc
                0x00000000       0x24 c:/users/usuario/.platformio/packages/toolchain-gccarmnoneeabi/bin/../lib/gcc/arm-none-eabi/7.2.1/../../../../arm-none-eabi/lib/thumb/v7-m\libc_nano.a(lib_a-mbtowc_r.o)
 .debug_frame   0x00000000       0x48 c:/users/usuario/.platformio/packages/toolchain-gccarmnoneeabi/bin/../lib/gcc/arm-none-eabi/7.2.1/../../../../arm-none-eabi/lib/thumb/v7-m\libc_nano.a(lib_a-mbtowc_r.o)
 .ARM.attributes
                0x00000000       0x2d c:/users/usuario/.platformio/packages/toolchain-gccarmnoneeabi/bin/../lib/gcc/arm-none-eabi/7.2.1/../../../../arm-none-eabi/lib/thumb/v7-m\libc_nano.a(lib_a-mbtowc_r.o)
 .text          0x00000000        0x0 c:/users/usuario/.platformio/packages/toolchain-gccarmnoneeabi/bin/../lib/gcc/arm-none-eabi/7.2.1/../../../../arm-none-eabi/lib/thumb/v7-m\libc_nano.a(lib_a-memset.o)
 .data          0x00000000        0x0 c:/users/usuario/.platformio/packages/toolchain-gccarmnoneeabi/bin/../lib/gcc/arm-none-eabi/7.2.1/../../../../arm-none-eabi/lib/thumb/v7-m\libc_nano.a(lib_a-memset.o)
 .bss           0x00000000        0x0 c:/users/usuario/.platformio/packages/toolchain-gccarmnoneeabi/bin/../lib/gcc/arm-none-eabi/7.2.1/../../../../arm-none-eabi/lib/thumb/v7-m\libc_nano.a(lib_a-memset.o)
 .text.memset   0x00000000       0x10 c:/users/usuario/.platformio/packages/toolchain-gccarmnoneeabi/bin/../lib/gcc/arm-none-eabi/7.2.1/../../../../arm-none-eabi/lib/thumb/v7-m\libc_nano.a(lib_a-memset.o)
 .debug_frame   0x00000000       0x20 c:/users/usuario/.platformio/packages/toolchain-gccarmnoneeabi/bin/../lib/gcc/arm-none-eabi/7.2.1/../../../../arm-none-eabi/lib/thumb/v7-m\libc_nano.a(lib_a-memset.o)
 .ARM.attributes
                0x00000000       0x2d c:/users/usuario/.platformio/packages/toolchain-gccarmnoneeabi/bin/../lib/gcc/arm-none-eabi/7.2.1/../../../../arm-none-eabi/lib/thumb/v7-m\libc_nano.a(lib_a-memset.o)
 .text          0x00000000       0x14 c:/users/usuario/.platformio/packages/toolchain-gccarmnoneeabi/bin/../lib/gcc/arm-none-eabi/7.2.1/../../../../arm-none-eabi/lib/thumb/v7-m\libc_nano.a(lib_a-strcmp.o)
 .data          0x00000000        0x0 c:/users/usuario/.platformio/packages/toolchain-gccarmnoneeabi/bin/../lib/gcc/arm-none-eabi/7.2.1/../../../../arm-none-eabi/lib/thumb/v7-m\libc_nano.a(lib_a-strcmp.o)
 .bss           0x00000000        0x0 c:/users/usuario/.platformio/packages/toolchain-gccarmnoneeabi/bin/../lib/gcc/arm-none-eabi/7.2.1/../../../../arm-none-eabi/lib/thumb/v7-m\libc_nano.a(lib_a-strcmp.o)
 .debug_frame   0x00000000       0x20 c:/users/usuario/.platformio/packages/toolchain-gccarmnoneeabi/bin/../lib/gcc/arm-none-eabi/7.2.1/../../../../arm-none-eabi/lib/thumb/v7-m\libc_nano.a(lib_a-strcmp.o)
 .ARM.attributes
                0x00000000       0x1b c:/users/usuario/.platformio/packages/toolchain-gccarmnoneeabi/bin/../lib/gcc/arm-none-eabi/7.2.1/../../../../arm-none-eabi/lib/thumb/v7-m\libc_nano.a(lib_a-strcmp.o)
 .text          0x00000000        0x0 c:/users/usuario/.platformio/packages/toolchain-gccarmnoneeabi/bin/../lib/gcc/arm-none-eabi/7.2.1/../../../../arm-none-eabi/lib/thumb/v7-m\libc_nano.a(lib_a-wctomb_r.o)
 .data          0x00000000        0x0 c:/users/usuario/.platformio/packages/toolchain-gccarmnoneeabi/bin/../lib/gcc/arm-none-eabi/7.2.1/../../../../arm-none-eabi/lib/thumb/v7-m\libc_nano.a(lib_a-wctomb_r.o)
 .bss           0x00000000        0x0 c:/users/usuario/.platformio/packages/toolchain-gccarmnoneeabi/bin/../lib/gcc/arm-none-eabi/7.2.1/../../../../arm-none-eabi/lib/thumb/v7-m\libc_nano.a(lib_a-wctomb_r.o)
 .text._wctomb_r
                0x00000000       0x24 c:/users/usuario/.platformio/packages/toolchain-gccarmnoneeabi/bin/../lib/gcc/arm-none-eabi/7.2.1/../../../../arm-none-eabi/lib/thumb/v7-m\libc_nano.a(lib_a-wctomb_r.o)
 .text.__ascii_wctomb
                0x00000000       0x1a c:/users/usuario/.platformio/packages/toolchain-gccarmnoneeabi/bin/../lib/gcc/arm-none-eabi/7.2.1/../../../../arm-none-eabi/lib/thumb/v7-m\libc_nano.a(lib_a-wctomb_r.o)
 .debug_frame   0x00000000       0x3c c:/users/usuario/.platformio/packages/toolchain-gccarmnoneeabi/bin/../lib/gcc/arm-none-eabi/7.2.1/../../../../arm-none-eabi/lib/thumb/v7-m\libc_nano.a(lib_a-wctomb_r.o)
 .ARM.attributes
                0x00000000       0x2d c:/users/usuario/.platformio/packages/toolchain-gccarmnoneeabi/bin/../lib/gcc/arm-none-eabi/7.2.1/../../../../arm-none-eabi/lib/thumb/v7-m\libc_nano.a(lib_a-wctomb_r.o)
 .text          0x00000000        0x0 c:/users/usuario/.platformio/packages/toolchain-gccarmnoneeabi/bin/../lib/gcc/arm-none-eabi/7.2.1/../../../../arm-none-eabi/lib/thumb/v7-m\libc_nano.a(lib_a-ctype_.o)
 .data          0x00000000        0x0 c:/users/usuario/.platformio/packages/toolchain-gccarmnoneeabi/bin/../lib/gcc/arm-none-eabi/7.2.1/../../../../arm-none-eabi/lib/thumb/v7-m\libc_nano.a(lib_a-ctype_.o)
 .bss           0x00000000        0x0 c:/users/usuario/.platformio/packages/toolchain-gccarmnoneeabi/bin/../lib/gcc/arm-none-eabi/7.2.1/../../../../arm-none-eabi/lib/thumb/v7-m\libc_nano.a(lib_a-ctype_.o)
 .rodata._ctype_
                0x00000000      0x101 c:/users/usuario/.platformio/packages/toolchain-gccarmnoneeabi/bin/../lib/gcc/arm-none-eabi/7.2.1/../../../../arm-none-eabi/lib/thumb/v7-m\libc_nano.a(lib_a-ctype_.o)
 .ARM.attributes
                0x00000000       0x2d c:/users/usuario/.platformio/packages/toolchain-gccarmnoneeabi/bin/../lib/gcc/arm-none-eabi/7.2.1/../../../../arm-none-eabi/lib/thumb/v7-m\libc_nano.a(lib_a-ctype_.o)
 .text          0x00000000        0x0 c:/users/usuario/.platformio/packages/toolchain-gccarmnoneeabi/bin/../lib/gcc/arm-none-eabi/7.2.1/../../../../arm-none-eabi/lib/thumb/v7-m\libnosys.a(_exit.o)
 .data          0x00000000        0x0 c:/users/usuario/.platformio/packages/toolchain-gccarmnoneeabi/bin/../lib/gcc/arm-none-eabi/7.2.1/../../../../arm-none-eabi/lib/thumb/v7-m\libnosys.a(_exit.o)
 .bss           0x00000000        0x0 c:/users/usuario/.platformio/packages/toolchain-gccarmnoneeabi/bin/../lib/gcc/arm-none-eabi/7.2.1/../../../../arm-none-eabi/lib/thumb/v7-m\libnosys.a(_exit.o)
 .text._exit    0x00000000        0x4 c:/users/usuario/.platformio/packages/toolchain-gccarmnoneeabi/bin/../lib/gcc/arm-none-eabi/7.2.1/../../../../arm-none-eabi/lib/thumb/v7-m\libnosys.a(_exit.o)
 .debug_frame   0x00000000       0x20 c:/users/usuario/.platformio/packages/toolchain-gccarmnoneeabi/bin/../lib/gcc/arm-none-eabi/7.2.1/../../../../arm-none-eabi/lib/thumb/v7-m\libnosys.a(_exit.o)
 .ARM.attributes
                0x00000000       0x2d c:/users/usuario/.platformio/packages/toolchain-gccarmnoneeabi/bin/../lib/gcc/arm-none-eabi/7.2.1/../../../../arm-none-eabi/lib/thumb/v7-m\libnosys.a(_exit.o)
 .text          0x00000000        0x0 c:/users/usuario/.platformio/packages/toolchain-gccarmnoneeabi/bin/../lib/gcc/arm-none-eabi/7.2.1/thumb/v7-m/crtend.o
 .data          0x00000000        0x0 c:/users/usuario/.platformio/packages/toolchain-gccarmnoneeabi/bin/../lib/gcc/arm-none-eabi/7.2.1/thumb/v7-m/crtend.o
 .bss           0x00000000        0x0 c:/users/usuario/.platformio/packages/toolchain-gccarmnoneeabi/bin/../lib/gcc/arm-none-eabi/7.2.1/thumb/v7-m/crtend.o
 .eh_frame      0x00000000        0x4 c:/users/usuario/.platformio/packages/toolchain-gccarmnoneeabi/bin/../lib/gcc/arm-none-eabi/7.2.1/thumb/v7-m/crtend.o
 .ARM.attributes
                0x00000000       0x2d c:/users/usuario/.platformio/packages/toolchain-gccarmnoneeabi/bin/../lib/gcc/arm-none-eabi/7.2.1/thumb/v7-m/crtend.o
 .text          0x00000000        0x0 c:/users/usuario/.platformio/packages/toolchain-gccarmnoneeabi/bin/../lib/gcc/arm-none-eabi/7.2.1/thumb/v7-m/crtn.o
 .data          0x00000000        0x0 c:/users/usuario/.platformio/packages/toolchain-gccarmnoneeabi/bin/../lib/gcc/arm-none-eabi/7.2.1/thumb/v7-m/crtn.o
 .bss           0x00000000        0x0 c:/users/usuario/.platformio/packages/toolchain-gccarmnoneeabi/bin/../lib/gcc/arm-none-eabi/7.2.1/thumb/v7-m/crtn.o

Memory Configuration

Name             Origin             Length             Attributes
RAM              0x20000000         0x00005000         xrw
FLASH            0x08000000         0x00010000         xr
*default*        0x00000000         0xffffffff

Linker script and memory map

LOAD c:/users/usuario/.platformio/packages/toolchain-gccarmnoneeabi/bin/../lib/gcc/arm-none-eabi/7.2.1/thumb/v7-m/crti.o
LOAD c:/users/usuario/.platformio/packages/toolchain-gccarmnoneeabi/bin/../lib/gcc/arm-none-eabi/7.2.1/thumb/v7-m/crtbegin.o
LOAD c:/users/usuario/.platformio/packages/toolchain-gccarmnoneeabi/bin/../lib/gcc/arm-none-eabi/7.2.1/../../../../arm-none-eabi/lib/thumb/v7-m/crt0.o
LOAD .pio\build\bluepill_f103c8\FrameworkCMSIS\gcc\startup_stm32f103xb.o
LOAD .pio\build\bluepill_f103c8\FrameworkCMSIS\system_stm32f1xx.o
LOAD .pio\build\bluepill_f103c8\src\principal.o
START GROUP
LOAD .pio\build\bluepill_f103c8\lib592\libgpio.a
LOAD .pio\build\bluepill_f103c8\lib086\libpaso_a_paso.a
LOAD .pio\build\bluepill_f103c8\lib851\libserie.a
LOAD .pio\build\bluepill_f103c8\lib886\libaccion.a
LOAD .pio\build\bluepill_f103c8\lib0c4\libtempo_hw.a
LOAD .pio\build\bluepill_f103c8\lib391\libtempo_ms.a
LOAD c:/users/usuario/.platformio/packages/toolchain-gccarmnoneeabi/bin/../lib/gcc/arm-none-eabi/7.2.1/../../../../arm-none-eabi/lib/thumb/v7-m\libc_nano.a
LOAD c:/users/usuario/.platformio/packages/toolchain-gccarmnoneeabi/bin/../lib/gcc/arm-none-eabi/7.2.1/thumb/v7-m\libgcc.a
LOAD c:/users/usuario/.platformio/packages/toolchain-gccarmnoneeabi/bin/../lib/gcc/arm-none-eabi/7.2.1/../../../../arm-none-eabi/lib/thumb/v7-m\libm.a
LOAD c:/users/usuario/.platformio/packages/toolchain-gccarmnoneeabi/bin/../lib/gcc/arm-none-eabi/7.2.1/../../../../arm-none-eabi/lib/thumb/v7-m\libstdc++_nano.a
END GROUP
START GROUP
LOAD c:/users/usuario/.platformio/packages/toolchain-gccarmnoneeabi/bin/../lib/gcc/arm-none-eabi/7.2.1/thumb/v7-m\libgcc.a
LOAD c:/users/usuario/.platformio/packages/toolchain-gccarmnoneeabi/bin/../lib/gcc/arm-none-eabi/7.2.1/../../../../arm-none-eabi/lib/thumb/v7-m\libc_nano.a
END GROUP
START GROUP
LOAD c:/users/usuario/.platformio/packages/toolchain-gccarmnoneeabi/bin/../lib/gcc/arm-none-eabi/7.2.1/thumb/v7-m\libgcc.a
LOAD c:/users/usuario/.platformio/packages/toolchain-gccarmnoneeabi/bin/../lib/gcc/arm-none-eabi/7.2.1/../../../../arm-none-eabi/lib/thumb/v7-m\libc_nano.a
LOAD c:/users/usuario/.platformio/packages/toolchain-gccarmnoneeabi/bin/../lib/gcc/arm-none-eabi/7.2.1/../../../../arm-none-eabi/lib/thumb/v7-m\libnosys.a
END GROUP
START GROUP
LOAD c:/users/usuario/.platformio/packages/toolchain-gccarmnoneeabi/bin/../lib/gcc/arm-none-eabi/7.2.1/thumb/v7-m\libgcc.a
LOAD c:/users/usuario/.platformio/packages/toolchain-gccarmnoneeabi/bin/../lib/gcc/arm-none-eabi/7.2.1/../../../../arm-none-eabi/lib/thumb/v7-m\libc_nano.a
LOAD c:/users/usuario/.platformio/packages/toolchain-gccarmnoneeabi/bin/../lib/gcc/arm-none-eabi/7.2.1/../../../../arm-none-eabi/lib/thumb/v7-m\libnosys.a
END GROUP
LOAD c:/users/usuario/.platformio/packages/toolchain-gccarmnoneeabi/bin/../lib/gcc/arm-none-eabi/7.2.1/thumb/v7-m/crtend.o
LOAD c:/users/usuario/.platformio/packages/toolchain-gccarmnoneeabi/bin/../lib/gcc/arm-none-eabi/7.2.1/thumb/v7-m/crtn.o
                0x20005000                _estack = (ORIGIN (RAM) + LENGTH (RAM))
                0x00000200                _Min_Heap_Size = 0x200
                0x00000400                _Min_Stack_Size = 0x400

.isr_vector     0x08000000      0x10c
                0x08000000                . = ALIGN (0x4)
 *(.isr_vector)
 .isr_vector    0x08000000      0x10c .pio\build\bluepill_f103c8\FrameworkCMSIS\gcc\startup_stm32f103xb.o
                0x08000000                g_pfnVectors
                0x0800010c                . = ALIGN (0x4)

.text           0x0800010c      0xb5c
                0x0800010c                . = ALIGN (0x4)
 *(.text)
 .text          0x0800010c       0x40 c:/users/usuario/.platformio/packages/toolchain-gccarmnoneeabi/bin/../lib/gcc/arm-none-eabi/7.2.1/thumb/v7-m/crtbegin.o
 *(.text*)
 .text.Reset_Handler
                0x0800014c       0x48 .pio\build\bluepill_f103c8\FrameworkCMSIS\gcc\startup_stm32f103xb.o
                0x0800014c                Reset_Handler
 .text.Default_Handler
                0x08000194        0x2 .pio\build\bluepill_f103c8\FrameworkCMSIS\gcc\startup_stm32f103xb.o
                0x08000194                RTC_Alarm_IRQHandler
                0x08000194                EXTI2_IRQHandler
                0x08000194                DebugMon_Handler
                0x08000194                HardFault_Handler
                0x08000194                PVD_IRQHandler
                0x08000194                PendSV_Handler
                0x08000194                NMI_Handler
                0x08000194                EXTI3_IRQHandler
                0x08000194                EXTI0_IRQHandler
                0x08000194                I2C2_EV_IRQHandler
                0x08000194                UsageFault_Handler
                0x08000194                ADC1_2_IRQHandler
                0x08000194                SPI1_IRQHandler
                0x08000194                TAMPER_IRQHandler
                0x08000194                DMA1_Channel4_IRQHandler
                0x08000194                USART3_IRQHandler
                0x08000194                RTC_IRQHandler
                0x08000194                DMA1_Channel7_IRQHandler
                0x08000194                CAN1_RX1_IRQHandler
                0x08000194                I2C1_EV_IRQHandler
                0x08000194                DMA1_Channel6_IRQHandler
                0x08000194                RCC_IRQHandler
                0x08000194                TIM1_TRG_COM_IRQHandler
                0x08000194                DMA1_Channel1_IRQHandler
                0x08000194                Default_Handler
                0x08000194                EXTI15_10_IRQHandler
                0x08000194                EXTI9_5_IRQHandler
                0x08000194                SPI2_IRQHandler
                0x08000194                MemManage_Handler
                0x08000194                SVC_Handler
                0x08000194                DMA1_Channel5_IRQHandler
                0x08000194                EXTI4_IRQHandler
                0x08000194                USB_LP_CAN1_RX0_IRQHandler
                0x08000194                USB_HP_CAN1_TX_IRQHandler
                0x08000194                DMA1_Channel3_IRQHandler
                0x08000194                TIM1_UP_IRQHandler
                0x08000194                WWDG_IRQHandler
                0x08000194                TIM1_BRK_IRQHandler
                0x08000194                EXTI1_IRQHandler
                0x08000194                USART2_IRQHandler
                0x08000194                I2C2_ER_IRQHandler
                0x08000194                DMA1_Channel2_IRQHandler
                0x08000194                CAN1_SCE_IRQHandler
                0x08000194                FLASH_IRQHandler
                0x08000194                BusFault_Handler
                0x08000194                USART1_IRQHandler
                0x08000194                I2C1_ER_IRQHandler
                0x08000194                USBWakeUp_IRQHandler
 *fill*         0x08000196        0x2 
 .text.SystemInit
                0x08000198       0x4c .pio\build\bluepill_f103c8\FrameworkCMSIS\system_stm32f1xx.o
                0x08000198                SystemInit
 .text.SystemCoreClockUpdate
                0x080001e4       0x58 .pio\build\bluepill_f103c8\FrameworkCMSIS\system_stm32f1xx.o
                0x080001e4                SystemCoreClockUpdate
 .text.salidaPAP
                0x0800023c        0xc .pio\build\bluepill_f103c8\src\principal.o
 .text.Parpadeo_ejecuta
                0x08000248       0x1a .pio\build\bluepill_f103c8\src\principal.o
 *fill*         0x08000262        0x2 
 .text.startup.main
                0x08000264       0xcc .pio\build\bluepill_f103c8\src\principal.o
                0x08000264                main
 .text.configuraPinesJtagComoGpio
                0x08000330       0x44 .pio\build\bluepill_f103c8\lib592\libgpio.a(gpio.o)
 .text.configuraPin
                0x08000374       0x3c .pio\build\bluepill_f103c8\lib592\libgpio.a(gpio.o)
 .text.creaMascaraConfig
                0x080003b0       0x2e .pio\build\bluepill_f103c8\lib592\libgpio.a(gpio.o)
 *fill*         0x080003de        0x2 
 .text.iniciaPuerto
                0x080003e0       0x84 .pio\build\bluepill_f103c8\lib592\libgpio.a(gpio.o)
 .text.Bus_inicializa
                0x08000464       0xdc .pio\build\bluepill_f103c8\lib592\libgpio.a(gpio.o)
 .text.Pin_configuraEntrada
                0x08000540       0x64 .pio\build\bluepill_f103c8\lib592\libgpio.a(gpio.o)
                0x08000540                Pin_configuraEntrada
 .text.Pin_configuraSalida
                0x080005a4       0x48 .pio\build\bluepill_f103c8\lib592\libgpio.a(gpio.o)
                0x080005a4                Pin_configuraSalida
 .text.Pin_conmuta
                0x080005ec       0x44 .pio\build\bluepill_f103c8\lib592\libgpio.a(gpio.o)
                0x080005ec                Pin_conmuta
 .text.Bus_ponModoSalida
                0x08000630       0xa4 .pio\build\bluepill_f103c8\lib592\libgpio.a(gpio.o)
                0x08000630                Bus_ponModoSalida
 .text.Bus_escribe
                0x080006d4       0x84 .pio\build\bluepill_f103c8\lib592\libgpio.a(gpio.o)
                0x080006d4                Bus_escribe
 .text.PAP_actualiza
                0x08000758       0x18 .pio\build\bluepill_f103c8\lib086\libpaso_a_paso.a(paso_a_paso.o)
 .text.PAP_inicializa
                0x08000770       0x1a .pio\build\bluepill_f103c8\lib086\libpaso_a_paso.a(paso_a_paso.o)
                0x08000770                PAP_inicializa
 .text.PAP_retrocede
                0x0800078a       0x14 .pio\build\bluepill_f103c8\lib086\libpaso_a_paso.a(paso_a_paso.o)
                0x0800078a                PAP_retrocede
 .text.PAP_avanza
                0x0800079e       0x14 .pio\build\bluepill_f103c8\lib086\libpaso_a_paso.a(paso_a_paso.o)
                0x0800079e                PAP_avanza
 *fill*         0x080007b2        0x2 
 .text.Serie_init
                0x080007b4       0x88 .pio\build\bluepill_f103c8\lib851\libserie.a(serie.o)
                0x080007b4                Serie_init
 .text.Serie_enviaCaracter
                0x0800083c       0x14 .pio\build\bluepill_f103c8\lib851\libserie.a(serie.o)
                0x0800083c                Serie_enviaCaracter
 .text.Serie_enviaNuevaLinea
                0x08000850       0x12 .pio\build\bluepill_f103c8\lib851\libserie.a(serie.o)
                0x08000850                Serie_enviaNuevaLinea
 .text.Serie_enviaCadena
                0x08000862       0x12 .pio\build\bluepill_f103c8\lib851\libserie.a(serie.o)
                0x08000862                Serie_enviaCadena
 .text.Serie_enviaEntero
                0x08000874       0x56 .pio\build\bluepill_f103c8\lib851\libserie.a(serie.o)
                0x08000874                Serie_enviaEntero
 *fill*         0x080008ca        0x2 
 .text.relojTimer
                0x080008cc       0x30 .pio\build\bluepill_f103c8\lib0c4\libtempo_hw.a(tempo_hw.o)
 .text.exponenteDivisorMasCercano
                0x080008fc       0x2e .pio\build\bluepill_f103c8\lib0c4\libtempo_hw.a(tempo_hw.o)
 *fill*         0x0800092a        0x2 
 .text.enciendeRelojPeriferico
                0x0800092c       0x78 .pio\build\bluepill_f103c8\lib0c4\libtempo_hw.a(tempo_hw.o)
 .text.manejaInterrupcionesCC.part.2
                0x080009a4       0x48 .pio\build\bluepill_f103c8\lib0c4\libtempo_hw.a(tempo_hw.o)
 .text.TempoHW_configModoEncoder
                0x080009ec      0x128 .pio\build\bluepill_f103c8\lib0c4\libtempo_hw.a(tempo_hw.o)
                0x080009ec                TempoHW_configModoEncoder
 .text.TempoHW_enciendeContador
                0x08000b14       0x38 .pio\build\bluepill_f103c8\lib0c4\libtempo_hw.a(tempo_hw.o)
                0x08000b14                TempoHW_enciendeContador
 .text.TempoHW_obtCuenta
                0x08000b4c       0x1c .pio\build\bluepill_f103c8\lib0c4\libtempo_hw.a(tempo_hw.o)
                0x08000b4c                TempoHW_obtCuenta
 .text.TIM1_CC_IRQHandler
                0x08000b68        0x6 .pio\build\bluepill_f103c8\lib0c4\libtempo_hw.a(tempo_hw.o)
                0x08000b68                TIM1_CC_IRQHandler
 .text.TIM2_IRQHandler
                0x08000b6e        0x6 .pio\build\bluepill_f103c8\lib0c4\libtempo_hw.a(tempo_hw.o)
                0x08000b6e                TIM2_IRQHandler
 .text.TIM3_IRQHandler
                0x08000b74        0x6 .pio\build\bluepill_f103c8\lib0c4\libtempo_hw.a(tempo_hw.o)
                0x08000b74                TIM3_IRQHandler
 .text.TIM4_IRQHandler
                0x08000b7a        0x6 .pio\build\bluepill_f103c8\lib0c4\libtempo_hw.a(tempo_hw.o)
                0x08000b7a                TIM4_IRQHandler
 .text.Tempo_inicializa
                0x08000b80       0x3c .pio\build\bluepill_f103c8\lib391\libtempo_ms.a(tempo_ms.o)
                0x08000b80                Tempo_inicializa
 .text.Tempo_obtMilisegundos
                0x08000bbc        0xc .pio\build\bluepill_f103c8\lib391\libtempo_ms.a(tempo_ms.o)
                0x08000bbc                Tempo_obtMilisegundos
 .text.SysTick_Handler
                0x08000bc8       0x28 .pio\build\bluepill_f103c8\lib391\libtempo_ms.a(tempo_ms.o)
                0x08000bc8                SysTick_Handler
 .text.Tempo_ponAccionMilisegundo
                0x08000bf0       0x18 .pio\build\bluepill_f103c8\lib391\libtempo_ms.a(tempo_ms.o)
                0x08000bf0                Tempo_ponAccionMilisegundo
 .text.__libc_init_array
                0x08000c08       0x48 c:/users/usuario/.platformio/packages/toolchain-gccarmnoneeabi/bin/../lib/gcc/arm-none-eabi/7.2.1/../../../../arm-none-eabi/lib/thumb/v7-m\libc_nano.a(lib_a-init.o)
                0x08000c08                __libc_init_array
 *(.glue_7)
 .glue_7        0x08000c50        0x0 linker stubs
 *(.glue_7t)
 .glue_7t       0x08000c50        0x0 linker stubs
 *(.eh_frame)
 .eh_frame      0x08000c50        0x0 c:/users/usuario/.platformio/packages/toolchain-gccarmnoneeabi/bin/../lib/gcc/arm-none-eabi/7.2.1/thumb/v7-m/crtbegin.o
 *(.init)
 .init          0x08000c50        0x4 c:/users/usuario/.platformio/packages/toolchain-gccarmnoneeabi/bin/../lib/gcc/arm-none-eabi/7.2.1/thumb/v7-m/crti.o
                0x08000c50                _init
 .init          0x08000c54        0x8 c:/users/usuario/.platformio/packages/toolchain-gccarmnoneeabi/bin/../lib/gcc/arm-none-eabi/7.2.1/thumb/v7-m/crtn.o
 *(.fini)
 .fini          0x08000c5c        0x4 c:/users/usuario/.platformio/packages/toolchain-gccarmnoneeabi/bin/../lib/gcc/arm-none-eabi/7.2.1/thumb/v7-m/crti.o
                0x08000c5c                _fini
 .fini          0x08000c60        0x8 c:/users/usuario/.platformio/packages/toolchain-gccarmnoneeabi/bin/../lib/gcc/arm-none-eabi/7.2.1/thumb/v7-m/crtn.o
                0x08000c68                . = ALIGN (0x4)
                0x08000c68                _etext = .

.vfp11_veneer   0x08000c68        0x0
 .vfp11_veneer  0x08000c68        0x0 linker stubs

.v4_bx          0x08000c68        0x0
 .v4_bx         0x08000c68        0x0 linker stubs

.iplt           0x08000c68        0x0
 .iplt          0x08000c68        0x0 c:/users/usuario/.platformio/packages/toolchain-gccarmnoneeabi/bin/../lib/gcc/arm-none-eabi/7.2.1/thumb/v7-m/crtbegin.o

.rodata         0x08000c68       0x7c
                0x08000c68                . = ALIGN (0x4)
 *(.rodata)
 *(.rodata*)
 .rodata.AHBPrescTable
                0x08000c68       0x10 .pio\build\bluepill_f103c8\FrameworkCMSIS\system_stm32f1xx.o
                0x08000c68                AHBPrescTable
 .rodata.main.str1.1
                0x08000c78       0x20 .pio\build\bluepill_f103c8\src\principal.o
 .rodata.CSWTCH.17
                0x08000c98        0xc .pio\build\bluepill_f103c8\lib592\libgpio.a(gpio.o)
 .rodata.CSWTCH.21
                0x08000ca4        0x4 .pio\build\bluepill_f103c8\lib592\libgpio.a(gpio.o)
 .rodata.numeroPin.5104
                0x08000ca8       0x21 .pio\build\bluepill_f103c8\lib592\libgpio.a(gpio.o)
 .rodata.secuenciaMedioPaso
                0x08000cc9        0x8 .pio\build\bluepill_f103c8\lib086\libpaso_a_paso.a(paso_a_paso.o)
 *fill*         0x08000cd1        0x3 
 .rodata.CSWTCH.46
                0x08000cd4       0x10 .pio\build\bluepill_f103c8\lib0c4\libtempo_hw.a(tempo_hw.o)
                0x08000ce4                . = ALIGN (0x4)

.rel.dyn        0x08000ce4        0x0
 .rel.iplt      0x08000ce4        0x0 c:/users/usuario/.platformio/packages/toolchain-gccarmnoneeabi/bin/../lib/gcc/arm-none-eabi/7.2.1/thumb/v7-m/crtbegin.o

.ARM.extab      0x08000ce4        0x0
                0x08000ce4                . = ALIGN (0x4)
 *(.ARM.extab* .gnu.linkonce.armextab.*)
                0x08000ce4                . = ALIGN (0x4)

.ARM            0x08000ce4        0x0
                0x08000ce4                . = ALIGN (0x4)
                0x08000ce4                __exidx_start = .
 *(.ARM.exidx*)
                0x08000ce4                __exidx_end = .
                0x08000ce4                . = ALIGN (0x4)

.preinit_array  0x08000ce4        0x0
                0x08000ce4                . = ALIGN (0x4)
                0x08000ce4                PROVIDE (__preinit_array_start, .)
 *(.preinit_array*)
                0x08000ce4                PROVIDE (__preinit_array_end, .)
                0x08000ce4                . = ALIGN (0x4)

.init_array     0x08000ce4        0x4
                0x08000ce4                . = ALIGN (0x4)
                0x08000ce4                PROVIDE (__init_array_start, .)
 *(SORT_BY_NAME(.init_array.*))
 *(.init_array*)
 .init_array    0x08000ce4        0x4 c:/users/usuario/.platformio/packages/toolchain-gccarmnoneeabi/bin/../lib/gcc/arm-none-eabi/7.2.1/thumb/v7-m/crtbegin.o
                0x08000ce8                PROVIDE (__init_array_end, .)
                0x08000ce8                . = ALIGN (0x4)

.fini_array     0x08000ce8        0x4
                0x08000ce8                . = ALIGN (0x4)
                [!provide]                PROVIDE (__fini_array_start, .)
 *(SORT_BY_NAME(.fini_array.*))
 *(.fini_array*)
 .fini_array    0x08000ce8        0x4 c:/users/usuario/.platformio/packages/toolchain-gccarmnoneeabi/bin/../lib/gcc/arm-none-eabi/7.2.1/thumb/v7-m/crtbegin.o
                [!provide]                PROVIDE (__fini_array_end, .)
                0x08000cec                . = ALIGN (0x4)
                0x08000cec                _sidata = LOADADDR (.data)

.data           0x20000000       0x40 load address 0x08000cec
                0x20000000                . = ALIGN (0x4)
                0x20000000                _sdata = .
 *(.data)
 *(.data*)
 .data.SystemCoreClock
                0x20000000        0x4 .pio\build\bluepill_f103c8\FrameworkCMSIS\system_stm32f1xx.o
                0x20000000                SystemCoreClock
 .data.conexionMotor.4451
                0x20000004       0x30 .pio\build\bluepill_f103c8\src\principal.o
 .data.parpadeo
                0x20000034        0xc .pio\build\bluepill_f103c8\src\principal.o
 *(.RamFunc)
 *(.RamFunc*)
                0x20000040                . = ALIGN (0x4)
                0x20000040                _edata = .

.igot.plt       0x20000040        0x0 load address 0x08000d2c
 .igot.plt      0x20000040        0x0 c:/users/usuario/.platformio/packages/toolchain-gccarmnoneeabi/bin/../lib/gcc/arm-none-eabi/7.2.1/thumb/v7-m/crtbegin.o
                0x20000040                . = ALIGN (0x4)

.bss            0x20000040       0x84 load address 0x08000d2c
                0x20000040                _sbss = .
                0x20000040                __bss_start__ = _sbss
 *(.bss)
 .bss           0x20000040       0x1c c:/users/usuario/.platformio/packages/toolchain-gccarmnoneeabi/bin/../lib/gcc/arm-none-eabi/7.2.1/thumb/v7-m/crtbegin.o
 *(.bss*)
 .bss.acciones  0x2000005c       0x60 .pio\build\bluepill_f103c8\lib0c4\libtempo_hw.a(tempo_hw.o)
 .bss.accionMilisegundo
                0x200000bc        0x4 .pio\build\bluepill_f103c8\lib391\libtempo_ms.a(tempo_ms.o)
 .bss.ticks     0x200000c0        0x4 .pio\build\bluepill_f103c8\lib391\libtempo_ms.a(tempo_ms.o)
 *(COMMON)
                0x200000c4                . = ALIGN (0x4)
                0x200000c4                _ebss = .
                0x200000c4                __bss_end__ = _ebss

._user_heap_stack
                0x200000c4      0x604 load address 0x08000d2c
                0x200000c8                . = ALIGN (0x8)
 *fill*         0x200000c4        0x4 
                [!provide]                PROVIDE (end, .)
                [!provide]                PROVIDE (_end, .)
                0x200002c8                . = (. + _Min_Heap_Size)
 *fill*         0x200000c8      0x200 
                0x200006c8                . = (. + _Min_Stack_Size)
 *fill*         0x200002c8      0x400 
                0x200006c8                . = ALIGN (0x8)

/DISCARD/
 libc.a(*)
 libm.a(*)
 libgcc.a(*)

.ARM.attributes
                0x00000000       0x29
 *(.ARM.attributes)
 .ARM.attributes
                0x00000000       0x1d c:/users/usuario/.platformio/packages/toolchain-gccarmnoneeabi/bin/../lib/gcc/arm-none-eabi/7.2.1/thumb/v7-m/crti.o
 .ARM.attributes
                0x0000001d       0x2d c:/users/usuario/.platformio/packages/toolchain-gccarmnoneeabi/bin/../lib/gcc/arm-none-eabi/7.2.1/thumb/v7-m/crtbegin.o
 .ARM.attributes
                0x0000004a       0x21 .pio\build\bluepill_f103c8\FrameworkCMSIS\gcc\startup_stm32f103xb.o
 .ARM.attributes
                0x0000006b       0x33 .pio\build\bluepill_f103c8\FrameworkCMSIS\system_stm32f1xx.o
 .ARM.attributes
                0x0000009e       0x33 .pio\build\bluepill_f103c8\src\principal.o
 .ARM.attributes
                0x000000d1       0x33 .pio\build\bluepill_f103c8\lib592\libgpio.a(gpio.o)
 .ARM.attributes
                0x00000104       0x33 .pio\build\bluepill_f103c8\lib086\libpaso_a_paso.a(paso_a_paso.o)
 .ARM.attributes
                0x00000137       0x33 .pio\build\bluepill_f103c8\lib851\libserie.a(serie.o)
 .ARM.attributes
                0x0000016a       0x33 .pio\build\bluepill_f103c8\lib0c4\libtempo_hw.a(tempo_hw.o)
 .ARM.attributes
                0x0000019d       0x33 .pio\build\bluepill_f103c8\lib391\libtempo_ms.a(tempo_ms.o)
 .ARM.attributes
                0x000001d0       0x2d c:/users/usuario/.platformio/packages/toolchain-gccarmnoneeabi/bin/../lib/gcc/arm-none-eabi/7.2.1/../../../../arm-none-eabi/lib/thumb/v7-m\libc_nano.a(lib_a-init.o)
 .ARM.attributes
                0x000001fd       0x1d c:/users/usuario/.platformio/packages/toolchain-gccarmnoneeabi/bin/../lib/gcc/arm-none-eabi/7.2.1/thumb/v7-m/crtn.o
OUTPUT(.pio\build\bluepill_f103c8\firmware.elf elf32-littlearm)

.comment        0x00000000       0x7e
 .comment       0x00000000       0x7e .pio\build\bluepill_f103c8\FrameworkCMSIS\system_stm32f1xx.o
                                 0x7f (size before relaxing)
 .comment       0x0000007e       0x7f .pio\build\bluepill_f103c8\src\principal.o
 .comment       0x0000007e       0x7f .pio\build\bluepill_f103c8\lib592\libgpio.a(gpio.o)
 .comment       0x0000007e       0x7f .pio\build\bluepill_f103c8\lib086\libpaso_a_paso.a(paso_a_paso.o)
 .comment       0x0000007e       0x7f .pio\build\bluepill_f103c8\lib851\libserie.a(serie.o)
 .comment       0x0000007e       0x7f .pio\build\bluepill_f103c8\lib0c4\libtempo_hw.a(tempo_hw.o)
 .comment       0x0000007e       0x7f .pio\build\bluepill_f103c8\lib391\libtempo_ms.a(tempo_ms.o)

.debug_frame    0x00000000       0x2c
 .debug_frame   0x00000000       0x2c c:/users/usuario/.platformio/packages/toolchain-gccarmnoneeabi/bin/../lib/gcc/arm-none-eabi/7.2.1/../../../../arm-none-eabi/lib/thumb/v7-m\libc_nano.a(lib_a-init.o)
